Nothing to build in platform 'top'

20:38:07 **** Incremental Build of configuration Debug for project hackathon ****
make all 
make --no-print-directory pre-build
a9-linaro-pre-build-step
' '
make --no-print-directory main-build
'Building file: ../src/helloworld.c'
'Invoking: ARM v7 gcc compiler'
arm-none-eabi-gcc -Wall -O0 -g3 -c -fmessage-length=0 -MT"src/helloworld.o" -mcpu=cortex-a9 -mfpu=vfpv3 -mfloat-abi=hard -ID:/Xilinx/finalproject_4/workspace2/top/export/top/sw/top/domain_ps7_cortexa9_0/bspinclude/include -MMD -MP -MF"src/helloworld.d" -MT"src/helloworld.o" -o "src/helloworld.o" "../src/helloworld.c"
'Finished building: ../src/helloworld.c'
' '
'Building target: hackathon.elf'
'Invoking: ARM v7 gcc linker'
arm-none-eabi-gcc -mcpu=cortex-a9 -mfpu=vfpv3 -mfloat-abi=hard -Wl,-build-id=none -specs=Xilinx.spec -Wl,-T -Wl,../src/lscript.ld -LD:/Xilinx/finalproject_4/workspace2/top/export/top/sw/top/domain_ps7_cortexa9_0/bsplib/lib -o "hackathon.elf"  ./src/helloworld.o ./src/platform.o   -lm -Wl,--start-group,-lxil,-lgcc,-lc,--end-group
'Finished building target: hackathon.elf'
' '
'Invoking: ARM v7 Print Size'
arm-none-eabi-size hackathon.elf  |tee "hackathon.elf.size"
   text	   data	    bss	    dec	    hex	filename
  62287	   2580	94230640	94295507	59ed5d3	hackathon.elf
'Finished building: hackathon.elf.size'
' '
